2026-07-23 13:59:26,889 - aqt.main - INFO - installer 8745568320 aqtinstall(aqt) v3.3.0 on Python 3.9.6 [CPython Clang 17.0.0 (clang-1700.0.13.5)]
2026-07-23 14:01:33,684 - aqt.main - INFO - installer 8745568320 aqtinstall(aqt) v3.3.0 on Python 3.9.6 [CPython Clang 17.0.0 (clang-1700.0.13.5)]
2026-07-23 14:01:33,685 - aqt.helper - DEBUG - helper 8745568320 Attempt to download checksum at https://download.qt.io/online/qtsdkrepository/mac_x64/desktop/qt6_683/qt6_683/Updates.xml.sha256
2026-07-23 14:01:37,114 - aqt.helper - DEBUG - helper 8745568320 Attempt to download checksum at https://download.qt.io/online/qtsdkrepository/mac_x64/extensions/qtwebengine/683/clang_arm64/Updates.xml.sha256
2026-07-23 14:01:38,088 - aqt.helper - DEBUG - helper 8745568320 Attempt to download checksum at https://download.qt.io/online/qtsdkrepository/mac_x64/extensions/qtwebengine/683/clang_arm64/Updates.xml.sha256
2026-07-23 14:01:39,968 - aqt.helper - DEBUG - helper 8745568320 Attempt to download checksum at https://download.qt.io/online/qtsdkrepository/mac_x64/extensions/qtwebengine/683/clang_arm64/Updates.xml.sha256
2026-07-23 14:01:41,074 - aqt.helper - DEBUG - helper 8745568320 Attempt to download checksum at https://download.qt.io/online/qtsdkrepository/mac_x64/extensions/qtwebengine/683/clang_arm64/Updates.xml.sha256
2026-07-23 14:01:42,366 - aqt.helper - DEBUG - helper 8745568320 Attempt to download checksum at https://download.qt.io/online/qtsdkrepository/mac_x64/extensions/qtwebengine/683/clang_arm64/Updates.xml.sha256
2026-07-23 14:01:44,864 - aqt.helper - DEBUG - helper 8745568320 Attempt to download checksum at https://download.qt.io/online/qtsdkrepository/mac_x64/extensions/qtpdf/683/clang_arm64/Updates.xml.sha256
2026-07-23 14:01:45,994 - aqt.helper - DEBUG - helper 8745568320 Attempt to download checksum at https://download.qt.io/online/qtsdkrepository/mac_x64/extensions/qtpdf/683/clang_arm64/Updates.xml.sha256
2026-07-23 14:01:47,090 - aqt.helper - DEBUG - helper 8745568320 Attempt to download checksum at https://download.qt.io/online/qtsdkrepository/mac_x64/extensions/qtpdf/683/clang_arm64/Updates.xml.sha256
2026-07-23 14:01:49,249 - aqt.helper - DEBUG - helper 8745568320 Attempt to download checksum at https://download.qt.io/online/qtsdkrepository/mac_x64/extensions/qtpdf/683/clang_arm64/Updates.xml.sha256
2026-07-23 14:01:51,061 - aqt.helper - DEBUG - helper 8745568320 Attempt to download checksum at https://download.qt.io/online/qtsdkrepository/mac_x64/extensions/qtpdf/683/clang_arm64/Updates.xml.sha256
2026-07-23 14:01:53,056 - aqt.main - ERROR - installer 8745568320 The packages ['qt_base'] were not found while parsing XML of package information!
==============================Suggested follow-up:==============================
* Please use 'aqt list-qt mac desktop --arch 6.8.3' to show architectures available.
2026-07-23 14:02:13,031 - aqt.helper - DEBUG - helper 8745568320 Attempt to download checksum at https://download.qt.io/online/qtsdkrepository/mac_x64/desktop/qt6_683/qt6_683/Updates.xml.sha256
2026-07-23 14:02:38,892 - aqt.main - INFO - installer 8745568320 aqtinstall(aqt) v3.3.0 on Python 3.9.6 [CPython Clang 17.0.0 (clang-1700.0.13.5)]
2026-07-23 14:02:38,893 - aqt.helper - DEBUG - helper 8745568320 Attempt to download checksum at https://download.qt.io/online/qtsdkrepository/mac_x64/desktop/qt6_683/qt6_683/Updates.xml.sha256
2026-07-23 14:02:41,271 - aqt.helper - DEBUG - helper 8745568320 Attempt to download checksum at https://download.qt.io/online/qtsdkrepository/mac_x64/extensions/qtwebengine/683/clang_64/Updates.xml.sha256
2026-07-23 14:02:43,463 - aqt.archives - INFO - archives 8745568320 Found extension qtwebengine
2026-07-23 14:02:43,464 - aqt.helper - DEBUG - helper 8745568320 Attempt to download checksum at https://download.qt.io/online/qtsdkrepository/mac_x64/extensions/qtpdf/683/clang_64/Updates.xml.sha256
2026-07-23 14:02:45,735 - aqt.archives - INFO - archives 8745568320 Found extension qtpdf
2026-07-23 14:02:46,260 - aqt.helper - DEBUG - helper 8745568320 Attempt to download checksum at https://download.qt.io/online/qtsdkrepository/mac_x64/desktop/qt6_683/qt6_683/qt.qt6.683.clang_64/6.8.3-0-202503201723qtbase-MacOS-MacOS_14-Clang-MacOS-MacOS_14-X86_64-ARM64.7z.sha256
2026-07-23 14:02:46,260 - aqt.helper - DEBUG - helper 8745568320 Attempt to download checksum at https://download.qt.io/online/qtsdkrepository/mac_x64/desktop/qt6_683/qt6_683/qt.qt6.683.clang_64/6.8.3-0-202503201723qtdeclarative-MacOS-MacOS_14-Clang-MacOS-MacOS_14-X86_64-ARM64.7z.sha256
2026-07-23 14:02:46,262 - aqt.helper - DEBUG - helper 8745568320 Attempt to download checksum at https://download.qt.io/online/qtsdkrepository/mac_x64/desktop/qt6_683/qt6_683/qt.qt6.683.clang_64/6.8.3-0-202503201723qtsvg-MacOS-MacOS_14-Clang-MacOS-MacOS_14-X86_64-ARM64.7z.sha256
2026-07-23 14:02:46,263 - aqt.helper - DEBUG - helper 8745568320 Attempt to download checksum at https://download.qt.io/online/qtsdkrepository/mac_x64/desktop/qt6_683/qt6_683/qt.qt6.683.clang_64/6.8.3-0-202503201723qttools-MacOS-MacOS_14-Clang-MacOS-MacOS_14-X86_64-ARM64.7z.sha256
2026-07-23 14:02:47,356 - aqt.helper - INFO - helper 8745568320 Downloading qtsvg...
2026-07-23 14:02:47,356 - aqt.helper - INFO - helper 8745568320 Downloading qttools...
2026-07-23 14:02:47,356 - aqt.installer - DEBUG - installer 8745568320 Download URL: https://download.qt.io/online/qtsdkrepository/mac_x64/desktop/qt6_683/qt6_683/qt.qt6.683.clang_64/6.8.3-0-202503201723qttools-MacOS-MacOS_14-Clang-MacOS-MacOS_14-X86_64-ARM64.7z
2026-07-23 14:02:47,356 - aqt.installer - DEBUG - installer 8745568320 Download URL: https://download.qt.io/online/qtsdkrepository/mac_x64/desktop/qt6_683/qt6_683/qt.qt6.683.clang_64/6.8.3-0-202503201723qtsvg-MacOS-MacOS_14-Clang-MacOS-MacOS_14-X86_64-ARM64.7z
2026-07-23 14:02:47,465 - aqt.helper - INFO - helper 8745568320 Downloading qtbase...
2026-07-23 14:02:47,466 - aqt.installer - DEBUG - installer 8745568320 Download URL: https://download.qt.io/online/qtsdkrepository/mac_x64/desktop/qt6_683/qt6_683/qt.qt6.683.clang_64/6.8.3-0-202503201723qtbase-MacOS-MacOS_14-Clang-MacOS-MacOS_14-X86_64-ARM64.7z
2026-07-23 14:02:48,461 - aqt.helper - DEBUG - helper 8745568320 Asked to redirect(302) to: https://mirrors.sau.edu.cn/qt/online/qtsdkrepository/mac_x64/desktop/qt6_683/qt6_683/qt.qt6.683.clang_64/6.8.3-0-202503201723qttools-MacOS-MacOS_14-Clang-MacOS-MacOS_14-X86_64-ARM64.7z
2026-07-23 14:02:48,461 - aqt.helper - INFO - helper 8745568320 Redirected: mirrors.sau.edu.cn
2026-07-23 14:02:48,573 - aqt.helper - DEBUG - helper 8745568320 Asked to redirect(302) to: https://mirrors.sau.edu.cn/qt/online/qtsdkrepository/mac_x64/desktop/qt6_683/qt6_683/qt.qt6.683.clang_64/6.8.3-0-202503201723qtsvg-MacOS-MacOS_14-Clang-MacOS-MacOS_14-X86_64-ARM64.7z
2026-07-23 14:02:48,574 - aqt.helper - INFO - helper 8745568320 Redirected: mirrors.sau.edu.cn
2026-07-23 14:02:48,742 - aqt.helper - INFO - helper 8745568320 Downloading qtdeclarative...
2026-07-23 14:02:48,742 - aqt.installer - DEBUG - installer 8745568320 Download URL: https://download.qt.io/online/qtsdkrepository/mac_x64/desktop/qt6_683/qt6_683/qt.qt6.683.clang_64/6.8.3-0-202503201723qtdeclarative-MacOS-MacOS_14-Clang-MacOS-MacOS_14-X86_64-ARM64.7z
2026-07-23 14:02:48,794 - aqt.helper - DEBUG - helper 8745568320 Asked to redirect(302) to: https://mirrors.sau.edu.cn/qt/online/qtsdkrepository/mac_x64/desktop/qt6_683/qt6_683/qt.qt6.683.clang_64/6.8.3-0-202503201723qtbase-MacOS-MacOS_14-Clang-MacOS-MacOS_14-X86_64-ARM64.7z
2026-07-23 14:02:48,795 - aqt.helper - INFO - helper 8745568320 Redirected: mirrors.sau.edu.cn
2026-07-23 14:02:52,447 - aqt.helper - DEBUG - helper 8745568320 Asked to redirect(302) to: https://mirrors.sau.edu.cn/qt/online/qtsdkrepository/mac_x64/desktop/qt6_683/qt6_683/qt.qt6.683.clang_64/6.8.3-0-202503201723qtdeclarative-MacOS-MacOS_14-Clang-MacOS-MacOS_14-X86_64-ARM64.7z
2026-07-23 14:02:52,447 - aqt.helper - INFO - helper 8745568320 Redirected: mirrors.sau.edu.cn
2026-07-23 14:02:54,765 - aqt.installer - INFO - installer 8745568320 Finished installation of qtsvg-MacOS-MacOS_14-Clang-MacOS-MacOS_14-X86_64-ARM64.7z in 8.50444425
2026-07-23 14:02:54,772 - aqt.helper - DEBUG - helper 8745568320 Attempt to download checksum at https://download.qt.io/online/qtsdkrepository/mac_x64/desktop/qt6_683/qt6_683/qt.qt6.683.clang_64/6.8.3-0-202503201723qttranslations-MacOS-MacOS_14-Clang-MacOS-MacOS_14-X86_64-ARM64.7z.sha256
2026-07-23 14:02:56,547 - aqt.helper - INFO - helper 8745568320 Downloading qttranslations...
2026-07-23 14:02:56,548 - aqt.installer - DEBUG - installer 8745568320 Download URL: https://download.qt.io/online/qtsdkrepository/mac_x64/desktop/qt6_683/qt6_683/qt.qt6.683.clang_64/6.8.3-0-202503201723qttranslations-MacOS-MacOS_14-Clang-MacOS-MacOS_14-X86_64-ARM64.7z
2026-07-23 14:02:57,713 - aqt.helper - DEBUG - helper 8745568320 Asked to redirect(302) to: https://mirrors.sau.edu.cn/qt/online/qtsdkrepository/mac_x64/desktop/qt6_683/qt6_683/qt.qt6.683.clang_64/6.8.3-0-202503201723qttranslations-MacOS-MacOS_14-Clang-MacOS-MacOS_14-X86_64-ARM64.7z
2026-07-23 14:02:57,713 - aqt.helper - INFO - helper 8745568320 Redirected: mirrors.sau.edu.cn
2026-07-23 14:03:02,146 - aqt.installer - INFO - installer 8745568320 Finished installation of qttranslations-MacOS-MacOS_14-Clang-MacOS-MacOS_14-X86_64-ARM64.7z in 7.37367383
2026-07-23 14:05:21,047 - aqt.main - INFO - installer 8745568320 aqtinstall(aqt) v3.3.0 on Python 3.9.6 [CPython Clang 17.0.0 (clang-1700.0.13.5)]
2026-07-23 14:05:21,048 - aqt.helper - DEBUG - helper 8745568320 Attempt to download checksum at https://download.qt.io/online/qtsdkrepository/mac_x64/desktop/qt6_683/qt6_683/Updates.xml.sha256
2026-07-23 14:05:24,362 - aqt.helper - DEBUG - helper 8745568320 Attempt to download checksum at https://download.qt.io/online/qtsdkrepository/mac_x64/extensions/qtwebengine/683/clang_64/Updates.xml.sha256
2026-07-23 14:05:28,498 - aqt.archives - INFO - archives 8745568320 Found extension qtwebengine
2026-07-23 14:05:28,499 - aqt.helper - DEBUG - helper 8745568320 Attempt to download checksum at https://download.qt.io/online/qtsdkrepository/mac_x64/extensions/qtpdf/683/clang_64/Updates.xml.sha256
2026-07-23 14:05:31,884 - aqt.archives - INFO - archives 8745568320 Found extension qtpdf
2026-07-23 14:05:32,435 - aqt.helper - DEBUG - helper 8745568320 Attempt to download checksum at https://download.qt.io/online/qtsdkrepository/mac_x64/desktop/qt6_683/qt6_683/qt.qt6.683.clang_64/6.8.3-0-202503201723qtbase-MacOS-MacOS_14-Clang-MacOS-MacOS_14-X86_64-ARM64.7z.sha256
2026-07-23 14:05:33,577 - aqt.helper - INFO - helper 8745568320 Downloading qtbase...
2026-07-23 14:05:33,577 - aqt.installer - DEBUG - installer 8745568320 Download URL: https://download.qt.io/online/qtsdkrepository/mac_x64/desktop/qt6_683/qt6_683/qt.qt6.683.clang_64/6.8.3-0-202503201723qtbase-MacOS-MacOS_14-Clang-MacOS-MacOS_14-X86_64-ARM64.7z
2026-07-23 14:05:34,764 - aqt.helper - DEBUG - helper 8745568320 Asked to redirect(302) to: https://mirrors.sau.edu.cn/qt/online/qtsdkrepository/mac_x64/desktop/qt6_683/qt6_683/qt.qt6.683.clang_64/6.8.3-0-202503201723qtbase-MacOS-MacOS_14-Clang-MacOS-MacOS_14-X86_64-ARM64.7z
2026-07-23 14:05:34,764 - aqt.helper - INFO - helper 8745568320 Redirected: mirrors.sau.edu.cn
2026-07-23 14:07:46,300 - aqt.installer - INFO - installer 8745568320 Finished installation of qtbase-MacOS-MacOS_14-Clang-MacOS-MacOS_14-X86_64-ARM64.7z in 133.86605471
2026-07-23 14:07:47,372 - aqt.updater - INFO - updater 8745568320 Patching /Users/huang/Qt/6.8.3/macos/bin/qmake
2026-07-23 14:07:47,383 - aqt.updater - INFO - updater 8745568320 Patching /Users/huang/Qt/6.8.3/macos/lib/libQt6FbSupport.prl
2026-07-23 14:07:47,384 - aqt.updater - INFO - updater 8745568320 Patching /Users/huang/Qt/6.8.3/macos/lib/libQt6ExampleIcons.prl
2026-07-23 14:07:47,385 - aqt.updater - INFO - updater 8745568320 Patching /Users/huang/Qt/6.8.3/macos/lib/libQt6DeviceDiscoverySupport.prl
2026-07-23 14:07:47,386 - aqt.updater - INFO - updater 8745568320 Patching /Users/huang/Qt/6.8.3/macos/lib/libQt6ExamplesAssetDownloader.prl
2026-07-23 14:07:47,388 - aqt.main - INFO - installer 8745568320 Finished installation
2026-07-23 14:07:47,388 - aqt.main - INFO - installer 8745568320 Time elapsed: 146.33977050 second
